cpu: 1 time: 0:00:44.924013
cpu: 0 time: 0:00:45.158955
total: 0:00:45.234270
